.NET Framework için MSBuild sürüm 18.10.1-1.26427.6+3cd27c13e

  search.cpp
  Kod üretiliyor
  Kodun üretilmesi tamamlandı
  kana.vcxproj -> C:\Users\tahae\Kanamecide\build\Release\kana.exe
.NET Framework için MSBuild sürüm 18.10.1-1.26427.6+3cd27c13e

  bitboard.cpp
  zobrist.cpp
  board.cpp
  movegen.cpp
  perft.cpp
  bench.cpp
C:\Users\tahae\Kanamecide\src\bench.cpp(92,15): warning C4996: 'fopen': This function or variable may be unsafe. Consider using fopen_s instead. To disable deprecation, use _CRT_SECURE_NO_WARNINGS. See online help for details. [C:\Users\tahae\Kanamecide\build\kana.vcxproj]
C:\Users\tahae\Kanamecide\src\bench.cpp(275,12): warning C4473: 'printf' : biçim dizesi için yeterli bağımsız değişken geçirilmedi [C:\Users\tahae\Kanamecide\build\kana.vcxproj]
      C:\Users\tahae\Kanamecide\src\bench.cpp(275,12):
      yer tutucular ve bunların parametreleri 1 değişen sayıda bağımsız değişken bekliyor, ancak 0 tane sağlandı
      C:\Users\tahae\Kanamecide\src\bench.cpp(275,12):
      eksik 1 değişen sayıda bağımsız değişkeni '% wi' biçim dizesi için gereklidir
  
  search.cpp
  tt.cpp
C:\Users\tahae\Kanamecide\src\tt.cpp(30,1): warning C4324: 'search::`anonymous-namespace'::Bucket': hizalama tanımlayıcısı nedeniyle yapının sonu dolduruldu [C:\Users\tahae\Kanamecide\build\kana.vcxproj]
  eval.cpp
  main.cpp
  Kod Üretiliyor...
  kana.vcxproj -> C:\Users\tahae\Kanamecide\build\Audit\kana.exe

Built: build\Release\kana.exe and build\Audit\kana.exe
